2026-03-31 08:22:39,002 - INFO - scrape_module.scrape_module.py - StepMark - < tid:10266810557 > - 开始爬取帖子
2026-03-31 08:23:04,106 - ERROR - post_service.post_service.py - SavePost - < floor:20028, pid:153053241783, pn:644 > - UNIQUE constraint failed: post.id
2026-03-31 08:23:04,106 - ERROR - post_service.post_service.py - SavePost - < floor:20029, pid:153053242153, pn:644 > - UNIQUE constraint failed: post.id
2026-03-31 08:23:31,402 - ERROR - post_service.post_service.py - SavePost - < floor:40018, pid:153205471045, pn:1290 > - UNIQUE constraint failed: post.id
2026-03-31 08:23:31,402 - ERROR - post_service.post_service.py - SavePost - < floor:40019, pid:153205471225, pn:1290 > - UNIQUE constraint failed: post.id
2026-03-31 08:25:14,334 - ERROR - post_service.post_service.py - SavePost - < floor:10004, pid:152995444843, pn:319 > - UNIQUE constraint failed: post.id
2026-03-31 08:25:14,334 - ERROR - post_service.post_service.py - SavePost - < floor:10005, pid:152995445115, pn:319 > - UNIQUE constraint failed: post.id
2026-03-31 08:25:14,335 - ERROR - post_service.post_service.py - SavePost - < floor:10006, pid:152995445308, pn:319 > - UNIQUE constraint failed: post.id
2026-03-31 08:25:14,335 - ERROR - post_service.post_service.py - SavePost - < floor:10007, pid:152995445489, pn:319 > - UNIQUE constraint failed: post.id
2026-03-31 08:25:43,033 - ERROR - post_service.post_service.py - SavePost - < floor:30005, pid:153121111638, pn:967 > - UNIQUE constraint failed: post.id
2026-03-31 08:26:08,697 - ERROR - post_service.post_service.py - SavePost - < floor:50035, pid:153297802390, pn:1612 > - UNIQUE constraint failed: post.id
2026-03-31 08:26:08,697 - ERROR - post_service.post_service.py - SavePost - < floor:50036, pid:153297802570, pn:1612 > - UNIQUE constraint failed: post.id
2026-03-31 08:26:40,774 - ERROR - post_service.post_service.py - FetchPosts - < pn:1088 > - 请求失败
2026-03-31 08:27:31,824 - INFO - scrape_module.scrape_module.py - StepMark - < tid:10266810557 > - 正在集中完善用户数据
2026-03-31 08:28:48,000 - ERROR - user_service.user_service.py - FetchUserInfo - < id:4974588948, portrait:tb.1.f5aa9ac2._nAjHg4OFoJslau9QBujHQ >
2026-03-31 08:29:28,663 - ERROR - user_service.user_service.py - FetchUserInfo - < id:6305433925, portrait:tb.1.3bbcd11d.yRBeNfEzIhjk4X9e6TGNpg >
2026-03-31 08:29:36,614 - ERROR - user_service.user_service.py - FetchUserInfo - < id:6382198116, portrait:tb.1.69becd9a.iaAkoATO4N6MC2e6wq_EnQ >
2026-03-31 08:29:39,422 - ERROR - user_service.user_service.py - FetchUserInfo - < id:6428006798, portrait:tb.1.42bac656.Bni2D6Tm93v5Lz6Iq5heIA >
2026-03-31 08:30:13,327 - ERROR - user_service.user_service.py - FetchUserInfo - < id:6851688856, portrait:tb.1.85ea2e33.Gj2kC47LpA1oFtRQ3txDjA >
2026-03-31 08:30:16,178 - ERROR - user_service.user_service.py - FetchUserInfo - < id:6876099665, portrait:tb.1.7012b697.gOyi4Q4FQWBqBi6Cb51Biw >
2026-03-31 08:30:20,329 - ERROR - user_service.user_service.py - FetchUserInfo - < id:6918575247, portrait:tb.1.b12fddc9.Oa0okKGaOgqibd3YMFwP1Q >
2026-03-31 08:30:20,527 - ERROR - user_service.user_service.py - FetchUserInfo - < id:6918892795, portrait:tb.1.7d54f82f.0BtBr6LloipEeZlBaX9IUQ >
2026-03-31 08:30:22,984 - ERROR - user_service.user_service.py - FetchUserInfo - < id:6949329386, portrait:tb.1.b086af65.4ubFzUwH1QALvq1Bk3tfqw >
2026-03-31 08:30:23,317 - ERROR - user_service.user_service.py - FetchUserInfo - < id:6954379643, portrait:tb.1.50b4f36f.ovHg8d7QoNbgCE1uGfMtcw >
2026-03-31 08:30:23,764 - ERROR - user_service.user_service.py - FetchUserInfo - < id:6960830496, portrait:tb.1.9d85ad22.LbGfW2BnyaHf_mWVz7TNbA >
2026-03-31 08:30:25,240 - ERROR - user_service.user_service.py - FetchUserInfo - < id:6971839459, portrait:tb.1.457026dc.Eyu4jfOnY4Pxrj9_8sDJdQ >
2026-03-31 08:30:29,962 - INFO - scrape_module.scrape_module.py - StepMark - < tid:10266810557 > - 帖子爬取完成
