2026-04-14 12:35:15,985 - INFO - scrape_module.scrape_module.py - StepMark - < tid:9712708081 > - 开始爬取帖子
2026-04-14 12:36:32,264 - ERROR - post_service.post_service.py - SavePost - < floor:50004, pid:153144532877, pn:1586 > - UNIQUE constraint failed: post.id
2026-04-14 12:36:32,264 - ERROR - post_service.post_service.py - SavePost - < floor:50005, pid:153144551079, pn:1586 > - UNIQUE constraint failed: post.id
2026-04-14 12:37:16,381 - ERROR - post_service.post_service.py - SavePost - < floor:30010, pid:153041158420, pn:948 > - UNIQUE constraint failed: post.id
2026-04-14 12:37:16,381 - ERROR - post_service.post_service.py - SavePost - < floor:30011, pid:153041158684, pn:948 > - UNIQUE constraint failed: post.id
2026-04-14 12:37:16,382 - ERROR - post_service.post_service.py - SavePost - < floor:30012, pid:153041171699, pn:948 > - UNIQUE constraint failed: post.id
2026-04-14 12:38:03,346 - ERROR - post_service.post_service.py - SavePost - < floor:10025, pid:152544556385, pn:313 > - UNIQUE constraint failed: post.id
2026-04-14 12:38:03,346 - ERROR - post_service.post_service.py - SavePost - < floor:10026, pid:152544556772, pn:313 > - UNIQUE constraint failed: post.id
2026-04-14 12:38:03,346 - ERROR - post_service.post_service.py - SavePost - < floor:10027, pid:152545017806, pn:313 > - UNIQUE constraint failed: post.id
2026-04-14 12:38:03,346 - ERROR - post_service.post_service.py - SavePost - < floor:10028, pid:152545132867, pn:313 > - UNIQUE constraint failed: post.id
2026-04-14 12:38:03,346 - ERROR - post_service.post_service.py - SavePost - < floor:10029, pid:152545933642, pn:313 > - UNIQUE constraint failed: post.id
2026-04-14 12:38:03,347 - ERROR - post_service.post_service.py - SavePost - < floor:10030, pid:152545933799, pn:313 > - UNIQUE constraint failed: post.id
2026-04-14 12:38:03,347 - ERROR - post_service.post_service.py - SavePost - < floor:10031, pid:152545934026, pn:313 > - UNIQUE constraint failed: post.id
2026-04-14 12:38:03,347 - ERROR - post_service.post_service.py - SavePost - < floor:10032, pid:152545934152, pn:313 > - UNIQUE constraint failed: post.id
2026-04-14 12:38:03,347 - ERROR - post_service.post_service.py - SavePost - < floor:10033, pid:152545936029, pn:313 > - UNIQUE constraint failed: post.id
2026-04-14 12:38:03,347 - ERROR - post_service.post_service.py - SavePost - < floor:10034, pid:152545937946, pn:313 > - UNIQUE constraint failed: post.id
2026-04-14 12:38:03,347 - ERROR - post_service.post_service.py - SavePost - < floor:10035, pid:152545938281, pn:313 > - UNIQUE constraint failed: post.id
2026-04-14 12:38:03,347 - ERROR - post_service.post_service.py - SavePost - < floor:10036, pid:152545938555, pn:313 > - UNIQUE constraint failed: post.id
2026-04-14 12:38:03,348 - ERROR - post_service.post_service.py - SavePost - < floor:10037, pid:152545938745, pn:313 > - UNIQUE constraint failed: post.id
2026-04-14 12:38:03,348 - ERROR - post_service.post_service.py - SavePost - < floor:10038, pid:152545973797, pn:313 > - UNIQUE constraint failed: post.id
2026-04-14 12:38:03,348 - ERROR - post_service.post_service.py - SavePost - < floor:10039, pid:152545974012, pn:313 > - UNIQUE constraint failed: post.id
2026-04-14 12:38:03,348 - ERROR - post_service.post_service.py - SavePost - < floor:10040, pid:152545974200, pn:313 > - UNIQUE constraint failed: post.id
2026-04-14 12:38:03,348 - ERROR - post_service.post_service.py - SavePost - < floor:10041, pid:152545974406, pn:313 > - UNIQUE constraint failed: post.id
2026-04-14 12:38:03,348 - ERROR - post_service.post_service.py - SavePost - < floor:10043, pid:152545987854, pn:313 > - UNIQUE constraint failed: post.id
2026-04-14 12:38:03,348 - ERROR - post_service.post_service.py - SavePost - < floor:10044, pid:152545988225, pn:313 > - UNIQUE constraint failed: post.id
2026-04-14 12:38:03,348 - ERROR - post_service.post_service.py - SavePost - < floor:10045, pid:152545988847, pn:313 > - UNIQUE constraint failed: post.id
2026-04-14 12:38:03,349 - ERROR - post_service.post_service.py - SavePost - < floor:10046, pid:152545989604, pn:313 > - UNIQUE constraint failed: post.id
2026-04-14 12:38:03,349 - ERROR - post_service.post_service.py - SavePost - < floor:10047, pid:152545989955, pn:313 > - UNIQUE constraint failed: post.id
2026-04-14 12:38:03,349 - ERROR - post_service.post_service.py - SavePost - < floor:10048, pid:152545990281, pn:313 > - UNIQUE constraint failed: post.id
2026-04-14 12:38:03,349 - ERROR - post_service.post_service.py - SavePost - < floor:10049, pid:152546766099, pn:313 > - UNIQUE constraint failed: post.id
2026-04-14 12:38:03,349 - ERROR - post_service.post_service.py - SavePost - < floor:10050, pid:152546766497, pn:313 > - UNIQUE constraint failed: post.id
2026-04-14 12:38:03,349 - ERROR - post_service.post_service.py - SavePost - < floor:10051, pid:152546766801, pn:313 > - UNIQUE constraint failed: post.id
2026-04-14 12:38:03,349 - ERROR - post_service.post_service.py - SavePost - < floor:10052, pid:152546767040, pn:313 > - UNIQUE constraint failed: post.id
2026-04-14 12:38:03,350 - ERROR - post_service.post_service.py - SavePost - < floor:10053, pid:152547000855, pn:313 > - UNIQUE constraint failed: post.id
2026-04-14 12:38:03,350 - ERROR - post_service.post_service.py - SavePost - < floor:10054, pid:152547001244, pn:313 > - UNIQUE constraint failed: post.id
2026-04-14 12:38:03,350 - ERROR - post_service.post_service.py - SavePost - < floor:10055, pid:152547001618, pn:313 > - UNIQUE constraint failed: post.id
2026-04-14 12:38:03,844 - ERROR - post_service.post_service.py - SavePost - < floor:10056, pid:152547001968, pn:314 > - UNIQUE constraint failed: post.id
2026-04-14 12:38:03,844 - ERROR - post_service.post_service.py - SavePost - < floor:10057, pid:152547010713, pn:314 > - UNIQUE constraint failed: post.id
2026-04-14 12:38:03,845 - ERROR - post_service.post_service.py - SavePost - < floor:10058, pid:152547011015, pn:314 > - UNIQUE constraint failed: post.id
2026-04-14 12:38:03,845 - ERROR - post_service.post_service.py - SavePost - < floor:10059, pid:152547011505, pn:314 > - UNIQUE constraint failed: post.id
2026-04-14 12:38:03,845 - ERROR - post_service.post_service.py - SavePost - < floor:10060, pid:152547011806, pn:314 > - UNIQUE constraint failed: post.id
2026-04-14 12:38:03,845 - ERROR - post_service.post_service.py - SavePost - < floor:10061, pid:152547018551, pn:314 > - UNIQUE constraint failed: post.id
2026-04-14 12:38:03,846 - ERROR - post_service.post_service.py - SavePost - < floor:10062, pid:152547025286, pn:314 > - UNIQUE constraint failed: post.id
2026-04-14 12:38:03,846 - ERROR - post_service.post_service.py - SavePost - < floor:10063, pid:152547025592, pn:314 > - UNIQUE constraint failed: post.id
2026-04-14 12:38:03,846 - ERROR - post_service.post_service.py - SavePost - < floor:10064, pid:152547025593, pn:314 > - UNIQUE constraint failed: post.id
2026-04-14 12:38:03,846 - ERROR - post_service.post_service.py - SavePost - < floor:10065, pid:152547025839, pn:314 > - UNIQUE constraint failed: post.id
2026-04-14 12:38:03,846 - ERROR - post_service.post_service.py - SavePost - < floor:10066, pid:152547025927, pn:314 > - UNIQUE constraint failed: post.id
2026-04-14 12:38:03,847 - ERROR - post_service.post_service.py - SavePost - < floor:10067, pid:152547026044, pn:314 > - UNIQUE constraint failed: post.id
2026-04-14 12:38:03,847 - ERROR - post_service.post_service.py - SavePost - < floor:10068, pid:152547026122, pn:314 > - UNIQUE constraint failed: post.id
2026-04-14 12:38:03,847 - ERROR - post_service.post_service.py - SavePost - < floor:10069, pid:152547026248, pn:314 > - UNIQUE constraint failed: post.id
2026-04-14 12:38:03,847 - ERROR - post_service.post_service.py - SavePost - < floor:10070, pid:152547026295, pn:314 > - UNIQUE constraint failed: post.id
2026-04-14 12:38:03,847 - ERROR - post_service.post_service.py - SavePost - < floor:10071, pid:152547026330, pn:314 > - UNIQUE constraint failed: post.id
2026-04-14 12:38:03,848 - ERROR - post_service.post_service.py - SavePost - < floor:10072, pid:152547026366, pn:314 > - UNIQUE constraint failed: post.id
2026-04-14 12:38:03,848 - ERROR - post_service.post_service.py - SavePost - < floor:10073, pid:152547026501, pn:314 > - UNIQUE constraint failed: post.id
2026-04-14 12:38:03,848 - ERROR - post_service.post_service.py - SavePost - < floor:10074, pid:152547026625, pn:314 > - UNIQUE constraint failed: post.id
2026-04-14 12:38:03,848 - ERROR - post_service.post_service.py - SavePost - < floor:10075, pid:152547026819, pn:314 > - UNIQUE constraint failed: post.id
2026-04-14 12:40:04,353 - ERROR - post_service.post_service.py - SavePost - < floor:40006, pid:153093522349, pn:1268 > - UNIQUE constraint failed: post.id
2026-04-14 12:40:57,271 - ERROR - post_service.post_service.py - SavePost - < floor:20031, pid:152984269017, pn:630 > - UNIQUE constraint failed: post.id
2026-04-14 12:40:57,271 - ERROR - post_service.post_service.py - SavePost - < floor:20032, pid:152984299307, pn:630 > - UNIQUE constraint failed: post.id
2026-04-14 12:41:47,617 - INFO - scrape_module.scrape_module.py - StepMark - < tid:9712708081 > - 正在集中完善用户数据
2026-04-14 12:42:04,559 - ERROR - user_service.user_service.py - FetchUserInfo - < id:2446350581, portrait:tb.1.d1eabaed.f-1G4YDqecNGVCdkG5LayA >
2026-04-14 12:42:33,967 - ERROR - user_service.user_service.py - FetchUserInfo - < id:4545316050, portrait:tb.1.c72b8f12.iMoYBgWbY59PxSO1NmVpnQ >
2026-04-14 12:42:45,599 - ERROR - user_service.user_service.py - FetchUserInfo - < id:4953592225, portrait:tb.1.686b21e.IrjNySiPA2ZOZmUhrRullA >
2026-04-14 12:43:09,861 - ERROR - user_service.user_service.py - FetchUserInfo - < id:6039005369, portrait:tb.1.95fa1273.tgialDU_EoZXnBAnXoR3hQ >
2026-04-14 12:43:13,207 - ERROR - user_service.user_service.py - FetchUserInfo - < id:6305433925, portrait:tb.1.3bbcd11d.yRBeNfEzIhjk4X9e6TGNpg >
2026-04-14 12:43:13,443 - ERROR - user_service.user_service.py - FetchUserInfo - < id:6306290074, portrait:tb.1.ecfa2549.9COH73x2_vcvzHVRUHclWg >
2026-04-14 12:43:20,279 - ERROR - user_service.user_service.py - FetchUserInfo - < id:6391225077, portrait:tb.1.f0cee337.T1SlpKl9PgRWezT40Gn9mQ >
2026-04-14 12:43:28,267 - ERROR - user_service.user_service.py - FetchUserInfo - < id:6536364934, portrait:tb.1.c588f6af.-xunHE0lIcqtn7gz1Uw4Lw >
2026-04-14 12:43:28,313 - ERROR - user_service.user_service.py - FetchUserInfo - < id:6538717439, portrait:tb.1.7fd26bc1.ytvxbGulPriO0eQOYvQ1vQ >
2026-04-14 12:43:41,307 - ERROR - user_service.user_service.py - FetchUserInfo - < id:6796782787, portrait:tb.1.ef2fec23.JxcEM3CWUgdyCu0S0Dcw9Q >
2026-04-14 12:43:42,605 - ERROR - user_service.user_service.py - FetchUserInfo - < id:6856124745, portrait:tb.1.a5a3554e.hf_LyLs7qwY_jccjxT1w7A >
2026-04-14 12:43:46,129 - ERROR - user_service.user_service.py - FetchUserInfo - < id:6919340422, portrait:tb.1.483fcfa.CUj-oJ1Cc86-Xc5mjCEyFA >
2026-04-14 12:43:46,175 - ERROR - user_service.user_service.py - FetchUserInfo - < id:6918892795, portrait:tb.1.7d54f82f.0BtBr6LloipEeZlBaX9IUQ >
2026-04-14 12:43:46,251 - ERROR - user_service.user_service.py - FetchUserInfo - < id:6923861010, portrait:tb.1.3529f0d0.BJN_gUkhoJhq7yHHg3sTXw >
2026-04-14 12:43:46,807 - ERROR - user_service.user_service.py - FetchUserInfo - < id:6954379643, portrait:tb.1.50b4f36f.ovHg8d7QoNbgCE1uGfMtcw >
2026-04-14 12:43:47,537 - ERROR - user_service.user_service.py - FetchUserInfo - < id:6991220101, portrait:tb.1.328c885e.52IVAMT8w1qf_yn0LL2lUQ >
2026-04-14 12:43:47,552 - ERROR - user_service.user_service.py - FetchUserInfo - < id:6994307712, portrait:tb.1.84425f42.PQT-yJ_5bhM58p1kO6DBZQ >
2026-04-14 12:43:47,752 - ERROR - user_service.user_service.py - FetchUserInfo - < id:6995430455, portrait:tb.1.54a6785a.hSJcdGetqwalBKbq9MmnWQ >
2026-04-14 12:43:48,007 - ERROR - user_service.user_service.py - FetchUserInfo - < id:7007209861, portrait:tb.1.a3947c9d.IM9EY7mhW1ojdjnxGo5Q4A >
2026-04-14 12:43:49,682 - INFO - scrape_module.scrape_module.py - StepMark - < tid:9712708081 > - 帖子爬取完成
