2026-04-27 08:20:29,426 - INFO - scrape_module.scrape_module.py - StepMark - < tid:10669271255 > - 开始爬取帖子
2026-04-27 08:22:04,076 - ERROR - content_service.content_service.py - Content-VideoFrag - < floor:229, pid:153457810310, pn:8 > - Failed to download https://tiebac.baidu.com/c/p/voice?voice_md5=0da4766b08f7e26a0949ae1afc5c3ddf_3663722638&play_from=pb_voice_play after 3 attempts
2026-04-27 08:22:05,077 - ERROR - content_service.content_service.py - Content-VideoFrag - < floor:261, pid:153457876770, pn:9 > - Failed to download https://tiebac.baidu.com/c/p/voice?voice_md5=984169c97eafbd7643b2c07987195a60_3663722638&play_from=pb_voice_play after 3 attempts
2026-04-27 08:22:07,079 - ERROR - content_service.content_service.py - Content-VideoFrag - < floor:204, pid:153457836784, pn:1, ppid:153457758352, ppn:7 > - Failed to download https://tiebac.baidu.com/c/p/voice?voice_md5=59263d164cb1d000931d24234fa53009_3663722638&play_from=pb_voice_play after 3 attempts
2026-04-27 08:22:07,081 - ERROR - content_service.content_service.py - Content-VideoFrag - < floor:141, pid:153457467409, pn:5 > - Failed to download https://tiebac.baidu.com/c/p/voice?voice_md5=fd9a8f9949eb9d0d6b328a391552b975_3389890797&play_from=pb_voice_play after 3 attempts
2026-04-27 08:22:13,069 - ERROR - content_service.content_service.py - Content-VideoFrag - < floor:11, pid:153457044185, pn:1 > - Failed to download https://tiebac.baidu.com/c/p/voice?voice_md5=c74aaffd048924c0102f519009238aa8_3663722638&play_from=pb_voice_play after 3 attempts
2026-04-27 08:23:37,071 - ERROR - content_service.content_service.py - Content-VideoFrag - < floor:231, pid:153457814544, pn:8 > - Failed to download https://tiebac.baidu.com/c/p/voice?voice_md5=d6cec343717992a11aecde2b5b05d4f0_3663722638&play_from=pb_voice_play after 3 attempts
2026-04-27 08:23:38,070 - ERROR - content_service.content_service.py - Content-VideoFrag - < floor:262, pid:153457878551, pn:9 > - Failed to download https://tiebac.baidu.com/c/p/voice?voice_md5=6d2d5a10bb20b9b875bb286863c75970_3663722638&play_from=pb_voice_play after 3 attempts
2026-04-27 08:23:40,074 - ERROR - content_service.content_service.py - Content-VideoFrag - < floor:204, pid:153457838711, pn:1, ppid:153457758352, ppn:7 > - Failed to download https://tiebac.baidu.com/c/p/voice?voice_md5=42bc1640e8418aa00d7a9e08edcb6ad8_3663722638&play_from=pb_voice_play after 3 attempts
2026-04-27 08:23:46,077 - ERROR - content_service.content_service.py - Content-VideoFrag - < floor:12, pid:153457044621, pn:1 > - Failed to download https://tiebac.baidu.com/c/p/voice?voice_md5=351885014724ff7d2c7c6ca421d07db8_3663722638&play_from=pb_voice_play after 3 attempts
2026-04-27 08:25:10,078 - ERROR - content_service.content_service.py - Content-VideoFrag - < floor:234, pid:153457818475, pn:8 > - Failed to download https://tiebac.baidu.com/c/p/voice?voice_md5=09a1aabb242d9f61012918496783a209_3663722638&play_from=pb_voice_play after 3 attempts
2026-04-27 08:25:11,081 - ERROR - content_service.content_service.py - Content-VideoFrag - < floor:266, pid:153457882432, pn:9 > - Failed to download https://tiebac.baidu.com/c/p/voice?voice_md5=1e640e84983c27559ab5926d54ef3963_3663722638&play_from=pb_voice_play after 3 attempts
2026-04-27 08:25:13,083 - ERROR - content_service.content_service.py - Content-VideoFrag - < floor:207, pid:153457762244, pn:7 > - Failed to download https://tiebac.baidu.com/c/p/voice?voice_md5=a24de9ebd4ca26abee5085abbf7aed3c_3663722638&play_from=pb_voice_play after 3 attempts
2026-04-27 08:25:20,079 - ERROR - content_service.content_service.py - Content-VideoFrag - < floor:26, pid:153457150123, pn:1 > - Failed to download https://tiebac.baidu.com/c/p/voice?voice_md5=909cc95f9ac76f86844ed45f8e7aa34d_3663722638&play_from=pb_voice_play after 3 attempts
2026-04-27 08:26:43,079 - ERROR - content_service.content_service.py - Content-VideoFrag - < floor:241, pid:153457830516, pn:8 > - Failed to download https://tiebac.baidu.com/c/p/voice?voice_md5=732150524ee9eaaf43f7fc57c6b003b9_3663722638&play_from=pb_voice_play after 3 attempts
2026-04-27 08:26:44,074 - ERROR - content_service.content_service.py - Content-VideoFrag - < floor:267, pid:153457885355, pn:9 > - Failed to download https://tiebac.baidu.com/c/p/voice?voice_md5=bbc68cead9a1519bd2b74c181920d295_3663722638&play_from=pb_voice_play after 3 attempts
2026-04-27 08:26:46,067 - ERROR - content_service.content_service.py - Content-VideoFrag - < floor:208, pid:153457763543, pn:7 > - Failed to download https://tiebac.baidu.com/c/p/voice?voice_md5=0d98f4431b0d327fc8b3f8cb2686aa59_3663722638&play_from=pb_voice_play after 3 attempts
2026-04-27 08:28:16,072 - ERROR - content_service.content_service.py - Content-VideoFrag - < floor:242, pid:153457833062, pn:8 > - Failed to download https://tiebac.baidu.com/c/p/voice?voice_md5=35c0a81a18fc096ce27b9a23ffd87048_3663722638&play_from=pb_voice_play after 3 attempts
2026-04-27 08:28:17,080 - ERROR - content_service.content_service.py - Content-VideoFrag - < floor:269, pid:153457887154, pn:9 > - Failed to download https://tiebac.baidu.com/c/p/voice?voice_md5=86395e3f4d4567dfd6f0e777af5fb1d8_3663722638&play_from=pb_voice_play after 3 attempts
2026-04-27 08:28:19,079 - ERROR - content_service.content_service.py - Content-VideoFrag - < floor:209, pid:153457766451, pn:7 > - Failed to download https://tiebac.baidu.com/c/p/voice?voice_md5=3a9af65de189aa3069e5a00f72e823ac_3663722638&play_from=pb_voice_play after 3 attempts
2026-04-27 08:29:49,070 - ERROR - content_service.content_service.py - Content-VideoFrag - < floor:243, pid:153457833911, pn:8 > - Failed to download https://tiebac.baidu.com/c/p/voice?voice_md5=90c268c4ec6d8b439ca0fda0f8c588f7_3663722638&play_from=pb_voice_play after 3 attempts
2026-04-27 08:29:50,067 - ERROR - content_service.content_service.py - Content-VideoFrag - < floor:270, pid:153457889264, pn:9 > - Failed to download https://tiebac.baidu.com/c/p/voice?voice_md5=24ed526bc3b24c72fc01a583ff613f17_3663722638&play_from=pb_voice_play after 3 attempts
2026-04-27 08:29:52,082 - ERROR - content_service.content_service.py - Content-VideoFrag - < floor:210, pid:153457768135, pn:7 > - Failed to download https://tiebac.baidu.com/c/p/voice?voice_md5=25aaab7eaab7d8c35d648a30ffcfceab_3663722638&play_from=pb_voice_play after 3 attempts
2026-04-27 08:31:22,077 - ERROR - content_service.content_service.py - Content-VideoFrag - < floor:245, pid:153457841517, pn:8 > - Failed to download https://tiebac.baidu.com/c/p/voice?voice_md5=5ad0dbae60203d335175552ac54a0f94_3663722638&play_from=pb_voice_play after 3 attempts
2026-04-27 08:31:23,071 - ERROR - content_service.content_service.py - Content-VideoFrag - < floor:271, pid:153457891526, pn:9 > - Failed to download https://tiebac.baidu.com/c/p/voice?voice_md5=97f2a7139a39f88e0824bca5eff96458_3663722638&play_from=pb_voice_play after 3 attempts
2026-04-27 08:31:25,080 - ERROR - content_service.content_service.py - Content-VideoFrag - < floor:211, pid:153457769381, pn:7 > - Failed to download https://tiebac.baidu.com/c/p/voice?voice_md5=0f061e7a7c91a979b1fdbc5325bd9720_3663722638&play_from=pb_voice_play after 3 attempts
2026-04-27 08:32:55,081 - ERROR - content_service.content_service.py - Content-VideoFrag - < floor:246, pid:153457843491, pn:8 > - Failed to download https://tiebac.baidu.com/c/p/voice?voice_md5=f49c4e30c30a00a92093bc47c5831b32_3663722638&play_from=pb_voice_play after 3 attempts
2026-04-27 08:32:56,073 - ERROR - content_service.content_service.py - Content-VideoFrag - < floor:275, pid:153457894739, pn:9 > - Failed to download https://tiebac.baidu.com/c/p/voice?voice_md5=e18ad21afb54c5400dd1fabda1c9991e_3663722638&play_from=pb_voice_play after 3 attempts
2026-04-27 08:32:58,073 - ERROR - content_service.content_service.py - Content-VideoFrag - < floor:212, pid:153457771914, pn:7 > - Failed to download https://tiebac.baidu.com/c/p/voice?voice_md5=b254428b7e6dd96d3d02e4de9c54ac29_3663722638&play_from=pb_voice_play after 3 attempts
2026-04-27 08:34:28,074 - ERROR - content_service.content_service.py - Content-VideoFrag - < floor:249, pid:153457852062, pn:8 > - Failed to download https://tiebac.baidu.com/c/p/voice?voice_md5=b4bbcc1b180349e4fbd39c1f1136a980_3663722638&play_from=pb_voice_play after 3 attempts
2026-04-27 08:34:29,071 - ERROR - content_service.content_service.py - Content-VideoFrag - < floor:277, pid:153457913828, pn:9 > - Failed to download https://tiebac.baidu.com/c/p/voice?voice_md5=900d685ab2e0037d905e914f3deefc8a_3663722638&play_from=pb_voice_play after 3 attempts
2026-04-27 08:34:31,075 - ERROR - content_service.content_service.py - Content-VideoFrag - < floor:214, pid:153457773470, pn:7 > - Failed to download https://tiebac.baidu.com/c/p/voice?voice_md5=922731bb7b048826a4183bae7e92433d_3663722638&play_from=pb_voice_play after 3 attempts
2026-04-27 08:36:01,075 - ERROR - content_service.content_service.py - Content-VideoFrag - < floor:250, pid:153457854549, pn:8 > - Failed to download https://tiebac.baidu.com/c/p/voice?voice_md5=7e59fc130a29f7324424dc16402cb3c7_3663722638&play_from=pb_voice_play after 3 attempts
2026-04-27 08:36:04,077 - ERROR - content_service.content_service.py - Content-VideoFrag - < floor:216, pid:153457777732, pn:7 > - Failed to download https://tiebac.baidu.com/c/p/voice?voice_md5=a771139d0aa1104655df4c04986c537e_3663722638&play_from=pb_voice_play after 3 attempts
2026-04-27 08:37:34,068 - ERROR - content_service.content_service.py - Content-VideoFrag - < floor:252, pid:153457857435, pn:8 > - Failed to download https://tiebac.baidu.com/c/p/voice?voice_md5=f0ac87041268a5aab3ea94bd086fd5b0_3663722638&play_from=pb_voice_play after 3 attempts
2026-04-27 08:37:37,078 - ERROR - content_service.content_service.py - Content-VideoFrag - < floor:218, pid:153457779926, pn:7 > - Failed to download https://tiebac.baidu.com/c/p/voice?voice_md5=79e58791b76e328c1d91ea58b57d2d2c_3663722638&play_from=pb_voice_play after 3 attempts
2026-04-27 08:39:07,071 - ERROR - content_service.content_service.py - Content-VideoFrag - < floor:253, pid:153457858262, pn:8 > - Failed to download https://tiebac.baidu.com/c/p/voice?voice_md5=f766a2c7d2ca66664a16ae5f6433b0d2_3663722638&play_from=pb_voice_play after 3 attempts
2026-04-27 08:39:10,077 - ERROR - content_service.content_service.py - Content-VideoFrag - < floor:219, pid:153457781558, pn:7 > - Failed to download https://tiebac.baidu.com/c/p/voice?voice_md5=039c91497b254970d8e7885dd6ce9d48_3663722638&play_from=pb_voice_play after 3 attempts
2026-04-27 08:40:40,071 - ERROR - content_service.content_service.py - Content-VideoFrag - < floor:254, pid:153457862183, pn:8 > - Failed to download https://tiebac.baidu.com/c/p/voice?voice_md5=2c7f9c9bca439925081e70da589b90c5_3663722638&play_from=pb_voice_play after 3 attempts
2026-04-27 08:40:43,076 - ERROR - content_service.content_service.py - Content-VideoFrag - < floor:220, pid:153457788214, pn:7 > - Failed to download https://tiebac.baidu.com/c/p/voice?voice_md5=5dab7c6053418ecfcc188f1ac9adc6aa_3663722638&play_from=pb_voice_play after 3 attempts
2026-04-27 08:42:13,081 - ERROR - content_service.content_service.py - Content-VideoFrag - < floor:255, pid:153457864560, pn:8 > - Failed to download https://tiebac.baidu.com/c/p/voice?voice_md5=fbf6589fb2dda175dbdcbdae9d935c2d_3663722638&play_from=pb_voice_play after 3 attempts
2026-04-27 08:42:16,079 - ERROR - content_service.content_service.py - Content-VideoFrag - < floor:222, pid:153457795052, pn:7 > - Failed to download https://tiebac.baidu.com/c/p/voice?voice_md5=91b001f76f8ed9b1f7e196bbd1ce838b_3663722638&play_from=pb_voice_play after 3 attempts
2026-04-27 08:43:46,081 - ERROR - content_service.content_service.py - Content-VideoFrag - < floor:255, pid:153459161682, pn:1, ppid:153457864560, ppn:8 > - Failed to download https://tiebac.baidu.com/c/p/voice?voice_md5=fbcf14733e63a12f8dcf8868a41d75dc_4347897979&play_from=pb_voice_play after 3 attempts
2026-04-27 08:43:49,078 - ERROR - content_service.content_service.py - Content-VideoFrag - < floor:223, pid:153457797421, pn:7 > - Failed to download https://tiebac.baidu.com/c/p/voice?voice_md5=debc585cc6ce128594cfa2ecddf6993a_3663722638&play_from=pb_voice_play after 3 attempts
2026-04-27 08:45:19,075 - ERROR - content_service.content_service.py - Content-VideoFrag - < floor:257, pid:153457869584, pn:8 > - Failed to download https://tiebac.baidu.com/c/p/voice?voice_md5=fddf0ce2d64cd5cfe6bbf3c56996127a_3663722638&play_from=pb_voice_play after 3 attempts
2026-04-27 08:45:22,069 - ERROR - content_service.content_service.py - Content-VideoFrag - < floor:224, pid:153457799214, pn:7 > - Failed to download https://tiebac.baidu.com/c/p/voice?voice_md5=49e3b7faa3b76343e2fa213706ed9eb9_3663722638&play_from=pb_voice_play after 3 attempts
2026-04-27 08:46:52,071 - ERROR - content_service.content_service.py - Content-VideoFrag - < floor:259, pid:153457873191, pn:8 > - Failed to download https://tiebac.baidu.com/c/p/voice?voice_md5=19a882405a78357285bc06602442b98d_3663722638&play_from=pb_voice_play after 3 attempts
2026-04-27 08:46:55,081 - ERROR - content_service.content_service.py - Content-VideoFrag - < floor:227, pid:153457807621, pn:7 > - Failed to download https://tiebac.baidu.com/c/p/voice?voice_md5=991beb63ce877928b9d90358dd26eee2_3663722638&play_from=pb_voice_play after 3 attempts
2026-04-27 08:46:55,225 - INFO - scrape_module.scrape_module.py - StepMark - < tid:10669271255 > - 正在集中完善用户数据
2026-04-27 08:47:19,706 - INFO - scrape_module.scrape_module.py - StepMark - < tid:10669271255 > - 帖子爬取完成
