2026-08-17 10:24:45,413 - INFO - scrape_module.scrape_module.py - StepMark - < tid:9726228396 > - 开始爬取帖子
2026-08-17 10:25:07,143 - ERROR - post_service.post_service.py - FetchComments - < floor:2, ppid:152121547742, pn:70 > - 请求失败
2026-08-17 10:26:33,382 - ERROR - post_service.post_service.py - SavePost - < floor:29409, pid:153718400123, pn:941 > - UNIQUE constraint failed: post.id
2026-08-17 10:26:34,786 - ERROR - post_service.post_service.py - SavePost - < floor:29501, pid:153722255438, pn:944 > - UNIQUE constraint failed: post.id
2026-08-17 10:26:35,659 - ERROR - post_service.post_service.py - SavePost - < floor:29561, pid:153723479394, pn:946 > - UNIQUE constraint failed: post.id
2026-08-17 10:26:38,641 - ERROR - post_service.post_service.py - SavePost - < floor:29741, pid:153730121246, pn:952 > - UNIQUE constraint failed: post.id
2026-08-17 10:26:40,609 - ERROR - post_service.post_service.py - SavePost - < floor:29862, pid:153733408552, pn:956 > - UNIQUE constraint failed: post.id
2026-08-17 10:27:39,916 - INFO - scrape_module.scrape_module.py - StepMark - < tid:9726228396 > - 正在集中完善用户数据
2026-08-17 10:27:56,156 - ERROR - user_service.user_service.py - FetchUserInfo - < id:4530017388, portrait:tb.1.a5c75b01.tm5eKqxpFQG4qCCQsfMHdA >
2026-08-17 10:27:57,799 - ERROR - user_service.user_service.py - FetchUserInfo - < id:4649412201, portrait:tb.1.a41b4735.Mf6gwfpO_G04URhFOQS-uQ >
2026-08-17 10:28:09,901 - ERROR - user_service.user_service.py - FetchUserInfo - < id:5912955910, portrait:tb.1.c49543b.9wvLMdCaAkwL_sa8tG-A6g >
2026-08-17 10:28:12,735 - ERROR - user_service.user_service.py - FetchUserInfo - < id:6075331104, portrait:tb.1.1dee7815.oO5jzKeywdfHT4VpyJMiog >
2026-08-17 10:28:17,856 - ERROR - user_service.user_service.py - FetchUserInfo - < id:6472929246, portrait:tb.1.62f195f3.y58OxS77rSEud8BVXURrcA >
2026-08-17 10:28:20,932 - ERROR - user_service.user_service.py - FetchUserInfo - < id:6597068996, portrait:tb.1.a447fe4a.WuWOypbZxNFulHMtSPY6MA >
2026-08-17 10:28:27,570 - ERROR - user_service.user_service.py - FetchUserInfo - < id:6806054877, portrait:tb.1.ac6aab85.XU3aF1h4iTjCOqLOJKyG1Q >
2026-08-17 10:28:28,298 - ERROR - user_service.user_service.py - FetchUserInfo - < id:6851673687, portrait:tb.1.2f7823f3.p_rWMXUm4JXAbsgxHxZRfQ >
2026-08-17 10:28:29,624 - ERROR - user_service.user_service.py - FetchUserInfo - < id:6877229395, portrait:tb.1.16d14bb7.ToklOWFdtHCrvgbZVpSScw >
2026-08-17 10:28:32,102 - ERROR - user_service.user_service.py - FetchUserInfo - < id:6960612943, portrait:tb.1.e53ac97.EFUb0_QlwK-kWqMzQu_U2g >
2026-08-17 10:28:32,266 - ERROR - user_service.user_service.py - FetchUserInfo - < id:6978382600, portrait:tb.1.78f977eb.t8OKNkpnDAKupPXFbr8c6A >
2026-08-17 10:28:33,191 - ERROR - user_service.user_service.py - FetchUserInfo - < id:7043929756, portrait:tb.1.5ce30160.TqiFDt8wgKcGEpA9kD_odA >
2026-08-17 10:28:33,230 - ERROR - user_service.user_service.py - FetchUserInfo - < id:7043814926, portrait:tb.1.8a057ddc.F69OuygNJnS0Tvbfx7R_Ow >
2026-08-17 10:28:34,754 - INFO - scrape_module.scrape_module.py - StepMark - < tid:9726228396 > - 帖子爬取完成
