2026-07-08 07:58:50,785 - INFO - scrape_module.scrape_module.py - StepMark - < tid:10848224859 > - 开始爬取帖子
2026-07-08 07:58:54,936 - INFO - scrape_module.scrape_module.py - StepMark - < tid:10848224859 > - 正在集中完善用户数据
2026-07-08 07:58:55,244 - ERROR - user_service.user_service.py - FetchUserInfo - < id:820585836, portrait:tb.1.2130c879.TRjPGvBiZvrEaVIEuZDT9Q >
2026-07-08 07:58:55,580 - ERROR - user_service.user_service.py - FetchUserInfo - < id:1665528462, portrait:tb.1.a47d507a.c7RxYjfaE3KLxv1xMF3bWw >
2026-07-08 07:58:55,585 - ERROR - user_service.user_service.py - FetchUserInfo - < id:1776206132, portrait:tb.1.9f001f1e.zXzB7IIHHYdakV0zp4nM1Q >
2026-07-08 07:58:55,587 - ERROR - user_service.user_service.py - FetchUserInfo - < id:1910103014, portrait:tb.1.9843afc9.qm-jrAy9Fen0vPYvgvuDOw >
2026-07-08 07:58:55,656 - ERROR - user_service.user_service.py - FetchUserInfo - < id:2020872671, portrait:tb.1.12bdc935.Oc1rVufPchddqcs-OHQ1Cw >
2026-07-08 07:58:55,713 - ERROR - user_service.user_service.py - FetchUserInfo - < id:2041174004, portrait:tb.1.81d0d3bd.A4gWHw4InKZqmGByGXAYXA >
2026-07-08 07:58:55,819 - ERROR - user_service.user_service.py - FetchUserInfo - < id:2602569229, portrait:tb.1.b6f6ccaa.JOqBKBfK_ULHktj0gd9IMw >
2026-07-08 07:58:55,825 - ERROR - user_service.user_service.py - FetchUserInfo - < id:2591277845, portrait:tb.1.2d9bce28.GEeO7FDdEHp-fccoun0q9A >
2026-07-08 07:58:55,836 - ERROR - user_service.user_service.py - FetchUserInfo - < id:3290680220, portrait:tb.1.841297b5.hcTFtTFBpeACb3mG0SRWJQ >
2026-07-08 07:58:55,865 - ERROR - user_service.user_service.py - FetchUserInfo - < id:2151302755, portrait:tb.1.2b18fe92.92HS2xLaMsO_rtfXc9-dEw >
2026-07-08 07:58:55,910 - ERROR - user_service.user_service.py - FetchUserInfo - < id:4903841106, portrait:tb.1.9ef89634._VdKwHSdxYoPrXf4WhABWg >
2026-07-08 07:58:55,935 - ERROR - user_service.user_service.py - FetchUserInfo - < id:3445917081, portrait:tb.1.3b61f2ee.tZjJBUbAbiuSspClIUl5pA >
2026-07-08 07:58:55,938 - ERROR - user_service.user_service.py - FetchUserInfo - < id:3449289508, portrait:tb.1.becf9636.GfU-aB6T_z6dB1BNeGBMEA >
2026-07-08 07:58:55,946 - ERROR - user_service.user_service.py - FetchUserInfo - < id:3918925353, portrait:tb.1.4dbe520e.kkpmGvl9fO2Ue-WlbtTueQ >
2026-07-08 07:58:56,116 - ERROR - user_service.user_service.py - FetchUserInfo - < id:6625924861, portrait:tb.1.c67ef42d.GdPZWyhV4TOUdr7e8-_D0g >
2026-07-08 07:58:56,126 - ERROR - user_service.user_service.py - FetchUserInfo - < id:6626811430, portrait:tb.1.8697186a.OaIg1uYt5czCF1sb3GLk5A >
2026-07-08 07:58:56,162 - ERROR - user_service.user_service.py - FetchUserInfo - < id:6709004193, portrait:tb.1.2d29c00b.PU8n4Y-klbD7UfAliOQXgA >
2026-07-08 07:58:56,234 - ERROR - user_service.user_service.py - FetchUserInfo - < id:6832582689, portrait:tb.1.c8ca1d48.VqprtCSA97U9GRAf6XJdtA >
2026-07-08 07:58:56,949 - INFO - scrape_module.scrape_module.py - StepMark - < tid:10848224859 > - 帖子爬取完成
