2026-07-08 07:58:06,730 - INFO - scrape_module.scrape_module.py - StepMark - < tid:10843134692 > - 开始爬取帖子
2026-07-08 07:58:26,603 - INFO - scrape_module.scrape_module.py - StepMark - < tid:10843134692 > - 正在集中完善用户数据
2026-07-08 07:58:28,951 - ERROR - user_service.user_service.py - FetchUserInfo - < id:2865564307, portrait:tb.1.9b48a839.5K0lQsRmGTf_HTNPuInCMg >
2026-07-08 07:58:29,015 - ERROR - user_service.user_service.py - FetchUserInfo - < id:3004539790, portrait:tb.1.4ba80221.QI7JVa91nV9enxDuER5vKQ >
2026-07-08 07:58:29,018 - ERROR - user_service.user_service.py - FetchUserInfo - < id:2909921297, portrait:tb.1.57ba22f5.8Lw4pOOITPxXIKnu3aqN4w >
2026-07-08 07:58:29,355 - ERROR - user_service.user_service.py - FetchUserInfo - < id:3533997559, portrait:tb.1.652c24da.hRtUsozXuxUSLhqLM5Yq_A >
2026-07-08 07:58:29,404 - ERROR - user_service.user_service.py - FetchUserInfo - < id:3573974671, portrait:tb.1.fcc4da74.2J79Ytukic6rNaH0K_CfKQ >
2026-07-08 07:58:29,446 - ERROR - user_service.user_service.py - FetchUserInfo - < id:3617256820, portrait:tb.1.a62a71fa.r0fkf1uXCE4r2zh3v6YAdA >
2026-07-08 07:58:29,628 - ERROR - user_service.user_service.py - FetchUserInfo - < id:4061935416, portrait:tb.1.28f9b722.gHXZq7wWmCa396ZMwRVCGA >
2026-07-08 07:58:29,638 - ERROR - user_service.user_service.py - FetchUserInfo - < id:4074254132, portrait:tb.1.408a1996.QD-d8MDb0hD_8iQtHmbhsQ >
2026-07-08 07:58:29,665 - ERROR - user_service.user_service.py - FetchUserInfo - < id:4085968785, portrait:tb.1.70303727.C-gJ4pgPaBIYrpBfarqPcA >
2026-07-08 07:58:29,666 - ERROR - user_service.user_service.py - FetchUserInfo - < id:4080960144, portrait:tb.1.bb67746a.RVByaARgxo0XAgsRHZjh5Q >
2026-07-08 07:58:29,702 - ERROR - user_service.user_service.py - FetchUserInfo - < id:4098939914, portrait:tb.1.5a51b095.6H_wxJJ6NnibVs_UmD-ZIA >
2026-07-08 07:58:29,946 - ERROR - user_service.user_service.py - FetchUserInfo - < id:4195005183, portrait:tb.1.fc47e4.q7jjLMwStRRcO-rO253fcA >
2026-07-08 07:58:29,951 - ERROR - user_service.user_service.py - FetchUserInfo - < id:4254817736, portrait:tb.1.594216fb.EtLCa6H-NbFtLRi569_Txw >
2026-07-08 07:58:30,020 - ERROR - user_service.user_service.py - FetchUserInfo - < id:4287623021, portrait:tb.1.1046cefa.YZoomNHUZ3IABwTAKf-prg >
2026-07-08 07:58:30,067 - ERROR - user_service.user_service.py - FetchUserInfo - < id:4419975398, portrait:tb.1.c31c3227.DcOh--JnA5OkpaHqT6KjVg >
2026-07-08 07:58:30,146 - ERROR - user_service.user_service.py - FetchUserInfo - < id:4501056945, portrait:tb.1.e510275c.gnJr8WvDXw1wfJY0ohtNGg >
2026-07-08 07:58:30,165 - ERROR - user_service.user_service.py - FetchUserInfo - < id:4511523574, portrait:tb.1.6118f9a0._DhIfSnX5oDILQyvYgTMew >
2026-07-08 07:58:30,221 - ERROR - user_service.user_service.py - FetchUserInfo - < id:4570904613, portrait:tb.1.526c329a.CrPslYEmnAU7nJsNfna-Kg >
2026-07-08 07:58:30,249 - ERROR - user_service.user_service.py - FetchUserInfo - < id:4607525446, portrait:tb.1.180bd78.OWIWbCg85-fq7_lXpmMadA >
2026-07-08 07:58:30,275 - ERROR - user_service.user_service.py - FetchUserInfo - < id:4630630514, portrait:tb.1.2de922bd.o1VlgnfV0s9R6RxnMpDFMA >
2026-07-08 07:58:30,296 - ERROR - user_service.user_service.py - FetchUserInfo - < id:4646329077, portrait:tb.1.bfdb3047.lo6EOSrys1hC-WmT0pReJQ >
2026-07-08 07:58:30,349 - ERROR - user_service.user_service.py - FetchUserInfo - < id:4692312196, portrait:tb.1.e36d916c.Wf0EZqhv-h0BQB7OCiTaqg >
2026-07-08 07:58:30,454 - ERROR - user_service.user_service.py - FetchUserInfo - < id:4731076689, portrait:tb.1.f13e75ba.XSJt_D6DMgxdm8VSKRIhWw >
2026-07-08 07:58:30,550 - ERROR - user_service.user_service.py - FetchUserInfo - < id:4844605879, portrait:tb.1.e0c1abe3.Q-JrLAUw0Zzh8FH0eaUiQg >
2026-07-08 07:58:30,583 - ERROR - user_service.user_service.py - FetchUserInfo - < id:4850044631, portrait:tb.1.27a750ab.lhKNyMR-S92kBEapvojyYg >
2026-07-08 07:58:30,626 - ERROR - user_service.user_service.py - FetchUserInfo - < id:4854439865, portrait:tb.1.53231d35.ZD1WXOZB5_WtJlM1Y2EPAg >
2026-07-08 07:58:30,667 - ERROR - user_service.user_service.py - FetchUserInfo - < id:4866533046, portrait:tb.1.d5f7f9fa.Ins_-5EbmvM0N8vfXJfRqQ >
2026-07-08 07:58:30,689 - ERROR - user_service.user_service.py - FetchUserInfo - < id:4879110668, portrait:tb.1.31157a1.6BOJz_CKUu1eg1KxUsXBwA >
2026-07-08 07:58:30,745 - ERROR - user_service.user_service.py - FetchUserInfo - < id:4954849175, portrait:tb.1.56be5b57.bxY8AnqQ_k67KN3VIAK6sg >
2026-07-08 07:58:30,929 - ERROR - user_service.user_service.py - FetchUserInfo - < id:5243523495, portrait:tb.1.8bb6a979.j3hoGz3Z8aIoPngF3MfhCQ >
2026-07-08 07:58:30,968 - ERROR - user_service.user_service.py - FetchUserInfo - < id:5375258929, portrait:tb.1.ed97d7ef.XhaWOMu8lVBWsdb6WYfiHw >
2026-07-08 07:58:31,039 - ERROR - user_service.user_service.py - FetchUserInfo - < id:5605698259, portrait:tb.1.c3f3717b.ZtTxxGOgP2qYf8R8fYc9PA >
2026-07-08 07:58:31,129 - ERROR - user_service.user_service.py - FetchUserInfo - < id:5716700679, portrait:tb.1.6dd07f84.98A-lrELwASmcSagpiLLxg >
2026-07-08 07:58:31,133 - ERROR - user_service.user_service.py - FetchUserInfo - < id:5748185208, portrait:tb.1.e24c0581.ccj5zAhU6HnKxH4HC9BUQw >
2026-07-08 07:58:31,233 - ERROR - user_service.user_service.py - FetchUserInfo - < id:5788452779, portrait:tb.1.3c904cf8.SNhz01zexS_sOTjUM6rOgw >
2026-07-08 07:58:31,273 - ERROR - user_service.user_service.py - FetchUserInfo - < id:5790753843, portrait:tb.1.935341b0.qlsb5TjFzq-FEsUfKICOHg >
2026-07-08 07:58:31,274 - ERROR - user_service.user_service.py - FetchUserInfo - < id:5790436673, portrait:tb.1.12db8a67.vMe0orHfY1kZLKFgxpQRBw >
2026-07-08 07:58:31,403 - ERROR - user_service.user_service.py - FetchUserInfo - < id:5865381003, portrait:tb.1.6c00bb41.sKL5D3Wy2h9tbsY8V3Myrw >
2026-07-08 07:58:31,446 - ERROR - user_service.user_service.py - FetchUserInfo - < id:5943331371, portrait:tb.1.b81c4316.g3jH-IFKQKoiW0GpFlQjcQ >
2026-07-08 07:58:31,525 - ERROR - user_service.user_service.py - FetchUserInfo - < id:6031778932, portrait:tb.1.8b1616b1.TGBwDtKPNaM0BtjZmsg5Pg >
2026-07-08 07:58:31,570 - ERROR - user_service.user_service.py - FetchUserInfo - < id:6046720307, portrait:tb.1.d994ba46.e_unrDUalRtcFz8jFCBbbw >
2026-07-08 07:58:31,584 - ERROR - user_service.user_service.py - FetchUserInfo - < id:6344941776, portrait:tb.1.148b06a2.loMUoo2gHqlWIsJR3Ih5fA >
2026-07-08 07:58:31,595 - ERROR - user_service.user_service.py - FetchUserInfo - < id:6323186002, portrait:tb.1.14a3c6ff.dtMy9B0CuPNeVZ5OVQ0AfQ >
2026-07-08 07:58:31,699 - ERROR - user_service.user_service.py - FetchUserInfo - < id:6347958560, portrait:tb.1.9038f0a3.VqNeuC1sL_7k9SGpzqmx2w >
2026-07-08 07:58:31,747 - ERROR - user_service.user_service.py - FetchUserInfo - < id:6349400462, portrait:tb.1.4a5be9b.ISgLgMG1uAsZ83k-XY4QqA >
2026-07-08 07:58:31,774 - ERROR - user_service.user_service.py - FetchUserInfo - < id:6365155223, portrait:tb.1.74700e60.0S7Oh1hgHd4KEeyTptB4Tg >
2026-07-08 07:58:31,774 - ERROR - user_service.user_service.py - FetchUserInfo - < id:6366790565, portrait:tb.1.8af74c4d.bDYc9Um9OttIb0MqIBAQkA >
2026-07-08 07:58:31,854 - ERROR - user_service.user_service.py - FetchUserInfo - < id:6376376702, portrait:tb.1.29a64be2.b2uxke01AKne2YZUJCZ13g >
2026-07-08 07:58:31,900 - ERROR - user_service.user_service.py - FetchUserInfo - < id:6389758360, portrait:tb.1.db16d606.QjwMHrn3iqBFtbDjcVkCsw >
2026-07-08 07:58:32,066 - ERROR - user_service.user_service.py - FetchUserInfo - < id:6467082697, portrait:tb.1.39ac5c38.OmqBTXRymq3QnFprZJlTTw >
2026-07-08 07:58:32,072 - ERROR - user_service.user_service.py - FetchUserInfo - < id:6487511641, portrait:None >
2026-07-08 07:58:32,087 - ERROR - user_service.user_service.py - FetchUserInfo - < id:6467296225, portrait:tb.1.1ec49e7e.EkY1zKT0kyFZC4NNBSnMBw >
2026-07-08 07:58:32,088 - ERROR - user_service.user_service.py - FetchUserInfo - < id:6467289844, portrait:tb.1.643db59.4ajOPPR_SVxBt_7jBb5V_w >
2026-07-08 07:58:32,156 - ERROR - user_service.user_service.py - FetchUserInfo - < id:6489585120, portrait:tb.1.3dc1fa62.f1S2hh-6JUTvJOg9hfEhhw >
2026-07-08 07:58:32,157 - ERROR - user_service.user_service.py - FetchUserInfo - < id:6523852132, portrait:tb.1.7d661ea6.KbjeS33eW6vGfcQC0Bww4w >
2026-07-08 07:58:32,175 - ERROR - user_service.user_service.py - FetchUserInfo - < id:6499042135, portrait:tb.1.b9cbf7e9.t-7P3Sqn0GJDyuWF2s8f6A >
2026-07-08 07:58:32,382 - ERROR - user_service.user_service.py - FetchUserInfo - < id:6600046710, portrait:tb.1.1230e17b.3T-yoMbNTJ-6vomAsdcFUw >
2026-07-08 07:58:32,410 - ERROR - user_service.user_service.py - FetchUserInfo - < id:6609543802, portrait:tb.1.f84ab315.2rtEKTxkKfD6kHhageHYjw >
2026-07-08 07:58:32,427 - ERROR - user_service.user_service.py - FetchUserInfo - < id:6624937699, portrait:tb.1.386e1719.1PfH_K8pRbQxikvS6Pfmgg >
2026-07-08 07:58:32,479 - ERROR - user_service.user_service.py - FetchUserInfo - < id:6684175291, portrait:tb.1.e22ba1cd.DDHgrxbSFWZGV6jtackcxQ >
2026-07-08 07:58:32,482 - ERROR - user_service.user_service.py - FetchUserInfo - < id:6674976914, portrait:tb.1.94974126.Fw5rEiqTYn1dKDiGN0t-oA >
2026-07-08 07:58:32,695 - ERROR - user_service.user_service.py - FetchUserInfo - < id:6722637578, portrait:tb.1.9b496f5e.tk-rMdtzLz2o6pAAz6t7Kg >
2026-07-08 07:58:32,707 - ERROR - user_service.user_service.py - FetchUserInfo - < id:6703530631, portrait:tb.1.59c302b0.ObEsdWz--oCQyTBpeIKpYw >
2026-07-08 07:58:32,722 - ERROR - user_service.user_service.py - FetchUserInfo - < id:6735696577, portrait:tb.1.35a1ce1.6k0e3jGygqnOG3cjshb5nQ >
2026-07-08 07:58:32,785 - ERROR - user_service.user_service.py - FetchUserInfo - < id:6738055986, portrait:tb.1.c2e9c427.hOHdYjHa25Ww5WJab_mzqw >
2026-07-08 07:58:32,812 - ERROR - user_service.user_service.py - FetchUserInfo - < id:6798511745, portrait:tb.1.77ba4afe.ngzhwHo2Y9Mrzsf8E3ZHVg >
2026-07-08 07:58:32,893 - ERROR - user_service.user_service.py - FetchUserInfo - < id:6811601834, portrait:tb.1.76bc2508.KR0p4bsAQX_treCdLb2j_A >
2026-07-08 07:58:32,962 - ERROR - user_service.user_service.py - FetchUserInfo - < id:6820312002, portrait:tb.1.1bc4de1.KcU5ibpFJFQ_Mor63mRCyA >
2026-07-08 07:58:33,010 - ERROR - user_service.user_service.py - FetchUserInfo - < id:6813379789, portrait:tb.1.49333b09.1LQU6-63P3qHS9VS5MSawg >
2026-07-08 07:58:33,043 - ERROR - user_service.user_service.py - FetchUserInfo - < id:6852095168, portrait:tb.1.993e1a7.wPEAGGUKlJcDjVVncA9adQ >
2026-07-08 07:58:33,124 - ERROR - user_service.user_service.py - FetchUserInfo - < id:6863156451, portrait:tb.1.7b56fdec.dJBmPHaULzz8tH7XklT1Gw >
2026-07-08 07:58:33,125 - ERROR - user_service.user_service.py - FetchUserInfo - < id:6866344784, portrait:tb.1.168d6f90.pWExb9bQv0iHyU0EKHnkeQ >
2026-07-08 07:58:33,127 - ERROR - user_service.user_service.py - FetchUserInfo - < id:6895529148, portrait:tb.1.8c5cc49b.WIfnErCb7SLqaIUXlIp-xg >
2026-07-08 07:58:33,179 - ERROR - user_service.user_service.py - FetchUserInfo - < id:6924325033, portrait:tb.1.b5a13f88.qj8ITdX7GYzt6GwMnWZz_A >
2026-07-08 07:58:33,223 - ERROR - user_service.user_service.py - FetchUserInfo - < id:6960561435, portrait:tb.1.2c00ab7f.2iw0jgtc3fW4Sv01Vzbo2A >
2026-07-08 07:58:33,233 - ERROR - user_service.user_service.py - FetchUserInfo - < id:6943827502, portrait:tb.1.67330897.yNQHOKomxhXSG4kYeGn-fg >
2026-07-08 07:58:33,249 - ERROR - user_service.user_service.py - FetchUserInfo - < id:6956704951, portrait:tb.1.4ff886ba.aChFE-ZclWncK3WmUg2GGA >
2026-07-08 07:58:33,281 - ERROR - user_service.user_service.py - FetchUserInfo - < id:6957396094, portrait:tb.1.e4ac9cb.hhU0W1yDCJbGcpriIWRFrA >
2026-07-08 07:58:33,335 - ERROR - user_service.user_service.py - FetchUserInfo - < id:6975088365, portrait:tb.1.9cc1f219.yar9BK5pijBserQ2aWGsxA >
2026-07-08 07:58:33,463 - ERROR - user_service.user_service.py - FetchUserInfo - < id:6987901213, portrait:tb.1.ad0484ed.8ZeRJ4kakvUNOQOdefGapQ >
2026-07-08 07:58:33,536 - ERROR - user_service.user_service.py - FetchUserInfo - < id:7054223090, portrait:tb.1.80b2934d.Fi3Zh2JMyS6KJO7YSl6aLw >
2026-07-08 07:58:33,548 - ERROR - user_service.user_service.py - FetchUserInfo - < id:7057731591, portrait:tb.1.d3ec3beb.tPfYL5Uc4gCfCnbK5oYtYw >
2026-07-08 07:58:33,560 - ERROR - user_service.user_service.py - FetchUserInfo - < id:7064961675, portrait:tb.1.24aa5142.ZrAaFhAHgOyxLkcGVLNxAw >
2026-07-08 07:58:33,592 - ERROR - user_service.user_service.py - FetchUserInfo - < id:7076235678, portrait:tb.1.b2596a0c.i_xy65q6GWokDPTluqutxw >
2026-07-08 07:58:33,725 - ERROR - user_service.user_service.py - FetchUserInfo - < id:17596388567391, portrait:tb.1.4aeb88b4.LHO7CtZV1t-ImObRW3-aOg >
2026-07-08 07:58:33,725 - ERROR - user_service.user_service.py - FetchUserInfo - < id:7081122766, portrait:tb.1.2f6809bb.rWA1dVsLS8KTT8etWIbMQQ >
2026-07-08 07:58:33,782 - ERROR - user_service.user_service.py - FetchUserInfo - < id:17596400578146, portrait:tb.1.10741cbe.8m8yZbC4tz12K1254OxSMA >
2026-07-08 07:58:33,869 - ERROR - user_service.user_service.py - FetchUserInfo - < id:17596418039164, portrait:tb.1.3b9e3aba.gbbSqY6L23s0GvYL_-i6yA >
2026-07-08 07:58:33,951 - INFO - scrape_module.scrape_module.py - StepMark - < tid:10843134692 > - 帖子爬取完成
