2026-04-09 09:21:57,785 - INFO - scrape_module.scrape_module.py - StepMark - < tid:9107577531 > - 开始爬取帖子
2026-04-09 09:23:34,972 - ERROR - content_service.content_service.py - Content-VideoFrag - < floor:40, pid:150811184693, pn:1, ppid:150672617492, ppn:2 > - Failed to download https://tiebac.baidu.com/c/p/voice?voice_md5=77a49736d9cc8c392baf820a6dfbb45c_5901447753&play_from=pb_voice_play after 3 attempts
2026-04-09 09:23:34,979 - ERROR - content_service.content_service.py - Content-VideoFrag - < floor:64, pid:150811218121, pn:1, ppid:150673482176, ppn:3 > - Failed to download https://tiebac.baidu.com/c/p/voice?voice_md5=999ae350e65fe152d6cffab8edc93e8b_5901447753&play_from=pb_voice_play after 3 attempts
2026-04-09 09:23:35,985 - ERROR - content_service.content_service.py - Content-VideoFrag - < floor:11, pid:150811168514, pn:1, ppid:150672228829, ppn:1 > - Failed to download https://tiebac.baidu.com/c/p/voice?voice_md5=dd5b4dff68474bb004fe2ca25e5acd98_5901447753&play_from=pb_voice_play after 3 attempts
2026-04-09 09:23:36,002 - ERROR - content_service.content_service.py - Content-VideoFrag - < floor:476, pid:150813697476, pn:1, ppid:150731420576, ppn:16 > - Failed to download https://tiebac.baidu.com/c/p/voice?voice_md5=3233b26f8e9f71fd6a390c46199762a2_5827706281&play_from=pb_voice_play after 3 attempts
2026-04-09 09:23:37,983 - ERROR - content_service.content_service.py - Content-VideoFrag - < floor:128, pid:150695519892, pn:1, ppid:150694481513, ppn:5 > - Failed to download https://tiebac.baidu.com/c/p/voice?voice_md5=43591251580e2cb411a25170d2eae747_6100602359&play_from=pb_voice_play after 3 attempts
2026-04-09 09:23:39,981 - ERROR - content_service.content_service.py - Content-VideoFrag - < floor:550, pid:150811277468, pn:1, ppid:150746807392, ppn:18 > - Failed to download https://tiebac.baidu.com/c/p/voice?voice_md5=6749631edc3089ce63740dda0c3dbe5f_5901447753&play_from=pb_voice_play after 3 attempts
2026-04-09 09:23:45,979 - ERROR - content_service.content_service.py - Content-VideoFrag - < floor:154, pid:150811346542, pn:1, ppid:150698252322, ppn:6 > - Failed to download https://tiebac.baidu.com/c/p/voice?voice_md5=d4cd64c3c015214562870bd796bbedd8_6364853877&play_from=pb_voice_play after 3 attempts
2026-04-09 09:24:15,979 - ERROR - content_service.content_service.py - Content-VideoFrag - < floor:242, pid:150813546589, pn:1, ppid:150708873054, ppn:8 > - Failed to download https://tiebac.baidu.com/c/p/voice?voice_md5=7fe1fa33206f51635401fb28329dad29_5827706281&play_from=pb_voice_play after 3 attempts
2026-04-09 09:25:07,993 - ERROR - content_service.content_service.py - Content-VideoFrag - < floor:70, pid:151087386574, pn:1, ppid:150673944263, ppn:3 > - Failed to download https://tiebac.baidu.com/c/p/voice?voice_md5=209eed244df661178a7fca3fc7eceb3e_6395937824&play_from=pb_voice_play after 3 attempts
2026-04-09 09:25:08,977 - ERROR - content_service.content_service.py - Content-VideoFrag - < floor:14, pid:150896225179, pn:1, ppid:150672246715, ppn:1 > - Failed to download https://tiebac.baidu.com/c/p/voice?voice_md5=91df5bfe22dabd231d0ac6d890ae819b_3915803447&play_from=pb_voice_play after 3 attempts
2026-04-09 09:25:08,991 - ERROR - content_service.content_service.py - Content-VideoFrag - < floor:48, pid:150750047502, pn:1, ppid:150672912840, ppn:2 > - Failed to download https://tiebac.baidu.com/c/p/voice?voice_md5=7d1005d89de9a62741e0c3306d82635f_6100602359&play_from=pb_voice_play after 3 attempts
2026-04-09 09:25:09,037 - ERROR - content_service.content_service.py - Content-VideoFrag - < floor:478, pid:150731654846, pn:1, ppid:150731500552, ppn:16 > - Failed to download https://tiebac.baidu.com/c/p/voice?voice_md5=8c6e0ac03ef84f3186e96c172862717d_6580043928&play_from=pb_voice_play after 3 attempts
2026-04-09 09:25:12,973 - ERROR - content_service.content_service.py - Content-VideoFrag - < floor:550, pid:150813797665, pn:1, ppid:150746807392, ppn:18 > - Failed to download https://tiebac.baidu.com/c/p/voice?voice_md5=e4250814931def46c079f07b162bda53_5827706281&play_from=pb_voice_play after 3 attempts
2026-04-09 09:25:18,976 - ERROR - content_service.content_service.py - Content-VideoFrag - < floor:154, pid:150811347483, pn:1, ppid:150698252322, ppn:6 > - Failed to download https://tiebac.baidu.com/c/p/voice?voice_md5=ade1230daeca24cb9717a889d5a12cf1_6364853877&play_from=pb_voice_play after 3 attempts
2026-04-09 09:25:27,985 - ERROR - content_service.content_service.py - Content-VideoFrag - < floor:684, pid:150809161848, pn:1, ppid:150778180426, ppn:23 > - Failed to download https://tiebac.baidu.com/c/p/voice?voice_md5=a79d4e2b0169d456dbd99c8d5c7826ff_3457432666&play_from=pb_voice_play after 3 attempts
2026-04-09 09:26:41,975 - ERROR - content_service.content_service.py - Content-VideoFrag - < floor:51, pid:150811219929, pn:1, ppid:150672995246, ppn:2 > - Failed to download https://tiebac.baidu.com/c/p/voice?voice_md5=d6857cce3b0ce8ac09e46caa71efc8da_6364853877&play_from=pb_voice_play after 3 attempts
2026-04-09 09:26:51,984 - ERROR - content_service.content_service.py - Content-VideoFrag - < floor:154, pid:150811356216, pn:1, ppid:150698252322, ppn:6 > - Failed to download https://tiebac.baidu.com/c/p/voice?voice_md5=3801e1a1890887a6188f83f2bb3eefa2_6364853877&play_from=pb_voice_play after 3 attempts
2026-04-09 09:27:00,971 - ERROR - content_service.content_service.py - Content-VideoFrag - < floor:684, pid:150813958073, pn:1, ppid:150778180426, ppn:23 > - Failed to download https://tiebac.baidu.com/c/p/voice?voice_md5=e7037dd8347d701b48b143cd28371a21_5827706281&play_from=pb_voice_play after 3 attempts
2026-04-09 09:28:14,976 - ERROR - content_service.content_service.py - Content-VideoFrag - < floor:51, pid:150813147757, pn:1, ppid:150672995246, ppn:2 > - Failed to download https://tiebac.baidu.com/c/p/voice?voice_md5=ffef7bb2f5f76c5f0422ba1630f6375b_3457432666&play_from=pb_voice_play after 3 attempts
2026-04-09 09:28:24,976 - ERROR - content_service.content_service.py - Content-VideoFrag - < floor:156, pid:150809015726, pn:1, ppid:150698383550, ppn:6 > - Failed to download https://tiebac.baidu.com/c/p/voice?voice_md5=9aeb0fca4acffdd2cae85b7ff72ba778_3457432666&play_from=pb_voice_play after 3 attempts
2026-04-09 09:28:33,974 - ERROR - content_service.content_service.py - Content-VideoFrag - < floor:684, pid:150814611880, pn:1, ppid:150778180426, ppn:23 > - Failed to download https://tiebac.baidu.com/c/p/voice?voice_md5=d4fe0fffdd273474850d23d21706afd1_5827706281&play_from=pb_voice_play after 3 attempts
2026-04-09 09:29:47,978 - ERROR - content_service.content_service.py - Content-VideoFrag - < floor:51, pid:152479693331, pn:1, ppid:150672995246, ppn:2 > - Failed to download https://tiebac.baidu.com/c/p/voice?voice_md5=d3606abe1c778af7abac3f49117b8953_6710673694&play_from=pb_voice_play after 3 attempts
2026-04-09 09:29:50,174 - INFO - scrape_module.scrape_module.py - StepMark - < tid:9107577531 > - 正在集中完善用户数据
2026-04-09 09:30:12,035 - ERROR - user_service.user_service.py - FetchUserInfo - < id:4890599366, portrait:tb.1.66e0c8be.Fgm7_hgvRQiDONxDGgdFrw >
2026-04-09 09:30:21,597 - ERROR - user_service.user_service.py - FetchUserInfo - < id:6390608903, portrait:tb.1.fcacadd7.w8ZAICv16g6cALxwkGqP_A >
2026-04-09 09:30:22,203 - ERROR - user_service.user_service.py - FetchUserInfo - < id:6426678513, portrait:tb.1.c79351dc.4zVpLz4B1PsQiIX2IDPHnQ >
2026-04-09 09:30:22,269 - ERROR - user_service.user_service.py - FetchUserInfo - < id:6451183620, portrait:tb.1.95fa2607.9i1fzkObr7uUerJup6yOMQ >
2026-04-09 09:30:24,912 - ERROR - user_service.user_service.py - FetchUserInfo - < id:6609058629, portrait:tb.1.ffe55674.i9r7v_8pXwDt3eYf4gJgeA >
2026-04-09 09:30:25,157 - ERROR - user_service.user_service.py - FetchUserInfo - < id:6623484300, portrait:tb.1.eb875884.qbd33KO14hPU8PUaOtJfIQ >
2026-04-09 09:30:26,661 - ERROR - user_service.user_service.py - FetchUserInfo - < id:6687605360, portrait:tb.1.25adde7a.kx_L4HWJBQy7zL2U89XNCA >
2026-04-09 09:30:26,677 - ERROR - user_service.user_service.py - FetchUserInfo - < id:6688831731, portrait:tb.1.3c160b52.xpJpTIonIX4tzwYe_8klXw >
2026-04-09 09:30:27,115 - ERROR - user_service.user_service.py - FetchUserInfo - < id:6725664815, portrait:tb.1.92b957bd.98sbQL6Cs4ayZKvS5CqFNA >
2026-04-09 09:30:29,181 - INFO - scrape_module.scrape_module.py - StepMark - < tid:9107577531 > - 帖子爬取完成
